---
source: tests/frontend_snapshots.rs
expression: "trace_of(&corpus(\"grammar/else_chain.lu\"))"
---
  131..261   [gram.item.unit] unit
  131..261   [gram.item.fn]   fn main
  149..261   [gram.expr.block]     block
  155..164   [gram.item.let]       binding
  163..164   [gram.expr.primary]         int 2
  169..227   [gram.item.let]       binding
  177..227   [gram.expr.flow]         if
  180..186   [gram.expr.prec]           binary Eq
  180..181   [gram.expr.primary]             path x
  185..186   [gram.expr.primary]             int 1
  187..193   [gram.expr.block]           block
  189..191   [gram.expr.block]             tail value
  189..191   [gram.expr.primary]               int 10
  199..227   [gram.expr.flow]           if
  202..208   [gram.expr.prec]             binary Eq
  202..203   [gram.expr.primary]               path x
  207..208   [gram.expr.primary]               int 2
  209..215   [gram.expr.block]             block
  211..213   [gram.expr.block]               tail value
  211..213   [gram.expr.primary]                 int 20
  221..227   [gram.expr.block]             block expression
  221..227   [gram.expr.block]               block
  223..225   [gram.expr.block]                 tail value
  223..225   [gram.expr.primary]                   int 30
  232..259   [gram.expr.block]       tail value
  232..259   [gram.expr.flow]         if
  235..242   [gram.expr.prec]           binary Eq
  235..236   [gram.expr.primary]             path r
  240..242   [gram.expr.primary]             int 20
  243..248   [gram.expr.block]           block
  245..246   [gram.expr.block]             tail value
  245..246   [gram.expr.primary]               int 0
  254..259   [gram.expr.block]           block expression
  254..259   [gram.expr.block]             block
  256..257   [gram.expr.block]               tail value
  256..257   [gram.expr.primary]                 int 1
