---
source: tests/frontend_snapshots.rs
expression: "trace_of(&corpus(\"grammar/brackets_generic_call.lu\"))"
---
  546..829   [gram.item.unit] unit
  546..590   [gram.item.fn]   fn first
  576..590   [gram.expr.block]     block
  578..588   [gram.expr.block]       tail value
  578..588   [gram.expr.prec]         unary Copy
  583..588   [gram.amb.brackets]           bracket-apply (1 arg(s))
  583..585   [gram.expr.primary]             path xs
  586..587   [gram.expr.primary]             int 0
  592..829   [gram.item.fn]   fn main
  610..829   [gram.expr.block]     block
  616..636   [gram.item.let]       binding
  625..636   [gram.expr.primary]         call (0 arg(s))
  625..634   [gram.amb.brackets]           bracket-apply (1 arg(s))
  625..629   [gram.expr.primary]             path List
  630..633   [gram.expr.primary]             path int
  641..657   [gram.expr.block]       expr statement
  641..657   [gram.expr.primary]         call (1 arg(s))
  641..654   [gram.expr.primary]           member .push
  641..649   [gram.expr.primary]             moded receiver (mut)
  646..648   [gram.expr.primary]               path xs
  655..656   [gram.expr.primary]           int 7
  662..724   [gram.item.let]       binding
  670..684   [gram.expr.primary]         call (1 arg(s))
  670..680   [gram.amb.brackets]           bracket-apply (1 arg(s))
  670..675   [gram.expr.primary]             path first
  676..679   [gram.expr.primary]             path int
  681..683   [gram.expr.primary]           path xs
  729..796   [gram.item.let]       binding
  737..742   [gram.amb.brackets]         bracket-apply (1 arg(s))
  737..739   [gram.expr.primary]           path xs
  740..741   [gram.expr.primary]           int 0
  801..827   [gram.expr.block]       tail value
  801..827   [gram.expr.flow]         if
  804..810   [gram.expr.prec]           binary Eq
  804..805   [gram.expr.primary]             path a
  809..810   [gram.expr.primary]             path b
  811..816   [gram.expr.block]           block
  813..814   [gram.expr.block]             tail value
  813..814   [gram.expr.primary]               int 0
  822..827   [gram.expr.block]           block expression
  822..827   [gram.expr.block]             block
  824..825   [gram.expr.block]               tail value
  824..825   [gram.expr.primary]                 int 1
