---
source: tests/frontend_snapshots.rs
expression: "tokens_of(&corpus(\"grammar/interp_fmtcolon.lu\"))"
---
  132..134   kw fn
  135..139   ident main
  139..140   punct (
  140..141   punct )
  142..144   punct ->
  145..146   punct !
  146..149   ident int
  150..151   punct {
  156..159   kw var
  160..161   ident m
  162..163   punct =
  164..167   ident Map
  167..168   punct [
  168..171   ident str
  171..172   punct ,
  173..176   ident int
  176..177   punct ]
  177..178   punct (
  178..179   punct )
  179..179   term nl
  184..185   ident m
  185..186   punct [
  186..187   str-open plain
  187..188     text "k"
  188..189   str-close
  189..190   punct ]
  191..192   punct =
  193..195   int 42
  195..195   term nl
  200..205   ident print
  205..206   punct (
  206..207   str-open plain
  207..208     interp-open
  208..209       ident m
  209..210       punct [
  210..211       str-open plain
  211..212         text "k"
  212..213       str-close
  213..214       punct ]
  214..215       fmt-open
  215..217       fmt ">8"
  217..218     interp-close
  218..219   str-close
  219..220   punct )
  264..264   term nl
  269..272   kw let
  273..274   ident w
  275..276   punct =
  277..278   int 8
  278..278   term nl
  283..288   ident print
  288..289   punct (
  289..290   str-open plain
  290..291     interp-open
  291..292       ident m
  292..293       punct [
  293..294       str-open plain
  294..295         text "k"
  295..296       str-close
  296..297       punct ]
  297..298       fmt-open
  298..299       fmt ">"
  299..300       interp-open
  300..301         ident w
  301..302       interp-close
  302..303     interp-close
  303..304   str-close
  304..305   punct )
  342..342   term nl
  347..348   int 0
  348..348   term nl
  349..350   punct }
  350..350   term nl
