---
source: tests/frontend_snapshots.rs
assertion_line: 146
expression: "trace_of(&corpus(\"grammar/closure_extent.lu\"))"
---
  137..431   [gram.item.unit] unit
  137..431   [gram.item.fn]   fn main
  155..431   [gram.expr.block]     block
  161..188   [gram.item.let]       binding
  170..188   [gram.expr.primary]         call (0 arg(s))
  170..186   [gram.amb.brackets]           bracket-apply (1 arg(s))
  170..174   [gram.expr.primary]             path List
  175..185   [gram.expr.primary]             tuple (2)
  176..179   [gram.expr.primary]               path int
  181..184   [gram.expr.primary]               path int
  193..214   [gram.expr.block]       expr statement
  193..214   [gram.expr.primary]         call (1 arg(s))
  193..206   [gram.expr.primary]           member .push
  193..201   [gram.expr.primary]             moded receiver (mut)
  198..200   [gram.expr.primary]               path xs
  207..213   [gram.expr.primary]           tuple (2)
  208..209   [gram.expr.primary]             int 1
  211..212   [gram.expr.primary]             int 9
  219..240   [gram.expr.block]       expr statement
  219..240   [gram.expr.primary]         call (1 arg(s))
  219..232   [gram.expr.primary]           member .push
  219..227   [gram.expr.primary]             moded receiver (mut)
  224..226   [gram.expr.primary]               path xs
  233..239   [gram.expr.primary]           tuple (2)
  234..235   [gram.expr.primary]             int 2
  237..238   [gram.expr.primary]             int 3
  245..297   [gram.item.let]       binding
  255..297   [gram.expr.primary]         call (1 arg(s))
  255..294   [gram.expr.primary]           member .take
  255..289   [gram.expr.primary]             call (1 arg(s))
  255..267   [gram.expr.primary]               path xs.sorted_by
  268..288   [gram.expr.closure]               closure (2 param(s))
  277..288   [gram.expr.prec]                 binary Cmp
  277..280   [gram.expr.primary]                   member .1
  277..278   [gram.expr.primary]                     path b
  285..288   [gram.expr.primary]                   member .1
  285..286   [gram.expr.primary]                     path a
  295..296   [gram.expr.primary]           int 1
  302..375   [gram.item.let]       binding
  314..343   [gram.expr.primary]         call (3 arg(s))
  314..317   [gram.expr.primary]           path zip
  318..320   [gram.expr.primary]           path xs
  322..337   [gram.expr.closure]           closure (1 param(s))
  328..337   [gram.expr.prec]             binary Add
  328..331   [gram.expr.primary]               member .0
  328..329   [gram.expr.primary]                 path p
  334..337   [gram.expr.primary]               member .1
  334..335   [gram.expr.primary]                 path p
  339..342   [gram.expr.primary]           int 100
  380..429   [gram.expr.block]       tail value
  380..429   [gram.expr.flow]         if
  383..412   [gram.expr.prec]           binary And
  383..396   [gram.expr.prec]             binary Eq
  383..391   [gram.expr.primary]               member .1
  383..389   [gram.amb.brackets]                 bracket-apply (1 arg(s))
  383..386   [gram.expr.primary]                   path top
  387..388   [gram.expr.primary]                   int 0
  395..396   [gram.expr.primary]               int 9
  400..412   [gram.expr.prec]             binary Eq
  400..405   [gram.expr.primary]               path mixed
  409..412   [gram.expr.primary]               int 115
  413..418   [gram.expr.block]           block
  415..416   [gram.expr.block]             tail value
  415..416   [gram.expr.primary]               int 0
  424..429   [gram.expr.block]           block expression
  424..429   [gram.expr.block]             block
  426..427   [gram.expr.block]               tail value
  426..427   [gram.expr.primary]                 int 1
