---
source: tests/frontend_snapshots.rs
expression: tokens_of(TERMINATOR_RULES)
---
    0..2     punct #[
    2..6     ident repr
    6..7     punct (
    7..8     ident c
    8..9     punct )
    9..10    punct ]
   11..17    kw struct
   18..23    ident Point
   24..25    punct {
   26..27    ident x
   27..28    punct :
   29..32    ident int
   33..34    punct }
   34..34    term nl
   36..38    kw fn
   39..44    ident rules
   44..45    punct (
   50..51    ident a
   51..52    punct :
   53..56    ident int
   56..57    punct ,
   62..63    ident b
   63..64    punct :
   65..68    ident int
   68..69    punct ,
   70..71    punct )
   72..74    punct ->
   75..78    ident int
   79..80    punct {
   85..88    kw let
   89..97    ident trailing
   98..99    punct =
  100..101   ident a
  102..103   punct +
  112..113   ident b
  113..113   term nl
  118..121   kw let
  122..126   ident call
  127..128   punct =
  129..130   ident f
  130..131   punct (
  140..141   ident a
  141..142   punct ,
  151..152   ident b
  152..153   punct ,
  158..159   punct )
  159..159   term nl
  164..167   kw let
  168..175   ident closure
  176..177   punct =
  178..179   ident g
  179..180   punct (
  180..182   kw fn
  182..183   punct (
  183..184   punct )
  185..186   punct {
  195..198   kw let
  199..205   ident inside
  206..207   punct =
  208..209   ident a
  209..209   term nl
  218..224   ident inside
  224..224   term nl
  229..230   punct }
  230..231   punct )
  231..231   term nl
  236..238   kw if
  239..240   ident a
  241..243   punct ==
  244..245   int 1
  246..247   punct {
  248..253   ident print
  253..254   punct (
  254..255   str-open plain
  255..256     text "x"
  256..257   str-close
  257..258   punct )
  258..259   term ;
  260..266   kw return
  267..268   int 0
  269..270   punct }
  270..270   term nl
  275..283   ident trailing
  283..283   term nl
  284..285   punct }
  285..285   term nl
