---
source: tests/frontend_snapshots.rs
expression: "tokens_of(&corpus(\"hello.lu\"))"
---
  303..305   kw fn
  306..310   ident main
  310..311   punct (
  311..312   punct )
  313..315   punct ->
  316..317   punct !
  317..320   ident int
  321..322   punct {
  327..330   kw let
  331..334   ident who
  335..336   punct =
  337..338   str-open plain
  338..342     text "wolf"
  342..343   str-close
  343..343   term nl
  348..353   ident print
  353..354   punct (
  354..355   str-open plain
  355..362     text "hello, "
  362..363     interp-open
  363..366       ident who
  366..367     interp-close
  367..368   str-close
  368..369   punct )
  369..369   term nl
  374..375   int 0
  375..375   term nl
  376..377   punct }
  377..377   term nl
