---
source: tests/frontend_snapshots.rs
expression: "tokens_of(&corpus(\"grammar/interp_nested.lu\"))"
---
  191..193   kw fn
  194..198   ident main
  198..199   punct (
  199..200   punct )
  201..203   punct ->
  204..205   punct !
  205..208   ident int
  209..210   punct {
  215..218   kw let
  219..220   ident n
  221..222   punct =
  223..224   int 3
  224..224   term nl
  229..234   ident print
  234..235   punct (
  235..236   str-open plain
  236..237     interp-open
  237..238       str-open plain
  238..239         text "#"
  239..240       str-close
  240..241       punct .
  241..247       ident repeat
  247..248       punct (
  248..249       ident n
  249..250       punct )
  250..251     interp-close
  251..252   str-close
  252..253   punct )
  297..297   term nl
  302..307   ident print
  307..308   punct (
  308..309   str-open plain
  309..329     text "{not interpolated}"
  329..330   str-close
  330..331   punct )
  361..361   term nl
  366..369   kw let
  370..375   ident inner
  376..377   punct =
  378..379   str-open plain
  379..380     text "x"
  380..381   str-close
  381..381   term nl
  386..391   ident print
  391..392   punct (
  392..393   str-open plain
  393..394     interp-open
  395..396       str-open plain
  396..401         text "wrap-"
  401..402         interp-open
  402..407           ident inner
  407..408         interp-close
  408..413         text "-wrap"
  413..414       str-close
  415..416     interp-close
  416..417   str-close
  417..418   punct )
  452..452   term nl
  457..458   int 0
  458..458   term nl
  459..460   punct }
  460..460   term nl
