---
source: tests/frontend_snapshots.rs
assertion_line: 125
expression: "tokens_of(&corpus(\"grammar/interp_nested.lu\"))"
---
  187..189   kw fn
  190..194   ident main
  194..195   punct (
  195..196   punct )
  197..199   punct ->
  200..201   punct !
  201..204   ident int
  205..206   punct {
  211..214   kw let
  215..216   ident n
  217..218   punct =
  219..220   int 3
  220..220   term nl
  225..230   ident print
  230..231   punct (
  231..232   str-open plain
  232..233     interp-open
  233..234       str-open plain
  234..235         text "#"
  235..236       str-close
  236..237       punct .
  237..243       ident repeat
  243..244       punct (
  244..245       ident n
  245..246       punct )
  246..247     interp-close
  247..248   str-close
  248..249   punct )
  293..293   term nl
  298..303   ident print
  303..304   punct (
  304..305   str-open plain
  305..325     text "{not interpolated}"
  325..326   str-close
  326..327   punct )
  357..357   term nl
  362..365   kw let
  366..371   ident inner
  372..373   punct =
  374..375   str-open plain
  375..376     text "x"
  376..377   str-close
  377..377   term nl
  382..387   ident print
  387..388   punct (
  388..389   str-open plain
  389..390     interp-open
  391..392       str-open plain
  392..397         text "wrap-"
  397..398         interp-open
  398..403           ident inner
  403..404         interp-close
  404..409         text "-wrap"
  409..410       str-close
  411..412     interp-close
  412..413   str-close
  413..414   punct )
  448..448   term nl
  453..454   int 0
  454..454   term nl
  455..456   punct }
  456..456   term nl
