---
source: tests/frontend_snapshots.rs
expression: tokens_of(LEADING_ELSE)
---
    0..2     kw fn
    3..9     ident shapes
    9..10    punct (
   10..11    ident a
   11..12    punct :
   13..16    ident int
   16..17    punct )
   18..20    punct ->
   21..24    ident int
   25..26    punct {
   31..34    kw let
   35..41    ident branch
   42..43    punct =
   44..46    kw if
   47..48    ident a
   49..51    punct ==
   52..53    int 1
   54..55    punct {
   64..65    int 1
   65..65    term nl
   70..71    punct }
   76..80    kw else
   81..83    kw if
   84..85    ident a
   86..88    punct ==
   89..90    int 2
   91..92    punct {
   93..94    int 2
   95..96    punct }
  143..147   kw else
  148..149   punct {
  150..151   int 3
  152..153   punct }
  153..153   term nl
  158..161   kw let
  162..169   ident default
  170..171   punct =
  172..173   ident f
  173..174   punct (
  174..175   ident a
  175..176   punct )
  185..189   kw else
  190..191   int 0
  191..191   term nl
  196..199   kw let
  200..209   ident elsewhere
  210..211   punct =
  212..218   ident branch
  218..218   term nl
  223..232   ident elsewhere
  233..234   punct +
  235..242   ident default
  242..242   term nl
  243..244   punct }
  244..244   term nl
