---
source: tests/fault_snapshots.rs
---
program: wrap_top_bit_as_int.lu
trap:    overflow
clause:  [arith.checked]
rule:    ArithChecked
message: `9223372036854775808 as i64` is outside `i64` — numeric casts are checked conversions in every profile (X3); spell intended overflow `wrapping[i64]`
at:      16:13 `top as int`
because: (single-span fault)
